{
  "version": "1.5.0",
  "plugins_used": [
    {
      "name": "ArtifactoryDetector"
    },
    {
      "name": "AWSKeyDetector"
    },
    {
      "name": "Base64HighEntropyString",
      "limit": 4.5
    },
    {
      "name": "BasicAuthDetector"
    },
    {
      "name": "CloudantDetector"
    },
    {
      "name": "HexHighEntropyString",
      "limit": 3.0
    },
    {
      "name": "IbmCloudIamDetector"
    },
    {
      "name": "IbmCosHmacDetector"
    },
    {
      "name": "JwtTokenDetector"
    },
    {
      "name": "KeywordDetector",
      "keyword_exclude": ""
    },
    {
      "name": "MailchimpDetector"
    },
    {
      "name": "PrivateKeyDetector"
    },
    {
      "name": "SlackDetector"
    },
    {
      "name": "SoftlayerDetector"
    },
    {
      "name": "StripeDetector"
    },
    {
      "name": "TwilioKeyDetector"
    }
  ],
  "filters_used": [
    {
      "path": "detect_secrets.filters.allowlist.is_line_allowlisted"
    },
    {
      "path": "detect_secrets.filters.common.is_baseline_file",
      "filename": ".secrets.baseline"
    },
    {
      "path": "detect_secrets.filters.common.is_ignored_due_to_verification_policies",
      "min_level": 2
    },
    {
      "path": "detect_secrets.filters.heuristic.is_indirect_reference"
    },
    {
      "path": "detect_secrets.filters.heuristic.is_likely_id_string"
    },
    {
      "path": "detect_secrets.filters.heuristic.is_potential_uuid"
    },
    {
      "path": "detect_secrets.filters.heuristic.is_prefixed_with_dollar_sign"
    },
    {
      "path": "detect_secrets.filters.heuristic.is_sequential_string"
    },
    {
      "path": "detect_secrets.filters.heuristic.is_templated_secret"
    }
  ],
  "results": {
    "secrets/common/secrets.yaml": [
      {
        "type": "Secret Keyword",
        "filename": "secrets/common/secrets.yaml",
        "hashed_secret": "1a4e891a397204f7e8474cb9707b6abfad1f8120",
        "is_verified": false,
        "line_number": 2
      },
      {
        "type": "Secret Keyword",
        "filename": "secrets/common/secrets.yaml",
        "hashed_secret": "abdfc65cd2845aaeaa6261278b3ec394c1e46a95",
        "is_verified": false,
        "line_number": 3
      },
      {
        "type": "Base64 High Entropy String",
        "filename": "secrets/common/secrets.yaml",
        "hashed_secret": "5da80d6ca71979b2f03102e59ac429124b3f0e76",
        "is_verified": false,
        "line_number": 11
      },
      {
        "type": "Base64 High Entropy String",
        "filename": "secrets/common/secrets.yaml",
        "hashed_secret": "fee791cbd25359466374aaf34c400857c39d01f2",
        "is_verified": false,
        "line_number": 20
      },
      {
        "type": "Hex High Entropy String",
        "filename": "secrets/common/secrets.yaml",
        "hashed_secret": "1715db2a0a20edbc8b1b5b0798023d3a2d067b5f",
        "is_verified": false,
        "line_number": 51
      }
    ],
    "secrets/common/secrets.yaml.example": [
      {
        "type": "Secret Keyword",
        "filename": "secrets/common/secrets.yaml.example",
        "hashed_secret": "fa9beb99e4029ad5a6615399e7bbae21356086b3",
        "is_verified": false,
        "line_number": 14
      }
    ],
    "secrets/laptops/smb.yaml": [
      {
        "type": "Base64 High Entropy String",
        "filename": "secrets/laptops/smb.yaml",
        "hashed_secret": "5da80d6ca71979b2f03102e59ac429124b3f0e76",
        "is_verified": false,
        "line_number": 8
      },
      {
        "type": "Base64 High Entropy String",
        "filename": "secrets/laptops/smb.yaml",
        "hashed_secret": "fee791cbd25359466374aaf34c400857c39d01f2",
        "is_verified": false,
        "line_number": 17
      },
      {
        "type": "Hex High Entropy String",
        "filename": "secrets/laptops/smb.yaml",
        "hashed_secret": "1715db2a0a20edbc8b1b5b0798023d3a2d067b5f",
        "is_verified": false,
        "line_number": 48
      }
    ],
    "secrets/laptops/ssh-hosts.yaml": [
      {
        "type": "Base64 High Entropy String",
        "filename": "secrets/laptops/ssh-hosts.yaml",
        "hashed_secret": "5da80d6ca71979b2f03102e59ac429124b3f0e76",
        "is_verified": false,
        "line_number": 8
      },
      {
        "type": "Base64 High Entropy String",
        "filename": "secrets/laptops/ssh-hosts.yaml",
        "hashed_secret": "fee791cbd25359466374aaf34c400857c39d01f2",
        "is_verified": false,
        "line_number": 17
      },
      {
        "type": "Hex High Entropy String",
        "filename": "secrets/laptops/ssh-hosts.yaml",
        "hashed_secret": "1715db2a0a20edbc8b1b5b0798023d3a2d067b5f",
        "is_verified": false,
        "line_number": 48
      }
    ]
  },
  "generated_at": "2026-06-22T10:19:28Z"
}
